22 mtime=1551800834.3
23 atime=1551800838.78
22 ctime=1551800834.3
