22 mtime=1551800834.3
24 atime=1551800838.784
22 ctime=1551800834.3
