24 mtime=1551800834.304
24 atime=1551800838.784
24 ctime=1551800834.304
